// Jest Snapshot v1, https://goo.gl/fbAQLP

exports[`<NavLinks /> should match snapshot 1`] = `
<div>
  <nav
    aria-label="Main menu"
    class="sc-dkzDqf liRDsc"
  />
</div>
`;
