// Jest Snapshot v1, https://goo.gl/fbAQLP

exports[`<Text /> should match snapshot 1`] = `
<div>
  <p
    class="sc-bczRLJ fvsywh"
  >
    text
  </p>
</div>
`;
