// Jest Snapshot v1, https://goo.gl/fbAQLP

exports[`<Heading/> should match snapshot 1`] = `
.c0 {
  text-transform: none;
  color: #0A1128;
  font-size: 6.4rem;
}

@media (max-width:768px) {
  .c0 {
    font-size: 4.0rem;
  }
}

<div>
  <h1
    class="c0"
  >
    text
  </h1>
</div>
`;
